
> the-reef@0.1.0 build
> react-scripts build

Creating an optimized production build...
Failed to compile.

Module not found: Error: Can't resolve '../crialogo.png' in 'C:\Users\EBD TEST\OneDrive\Desktop\futuremind\elearner\v02\the-reef\src\components'


